<<<<<<< HEAD
2
=======
0
>>>>>>> parent of 6b03184 (1)
